// Jest Snapshot v1, https://goo.gl/fbAQLP

exports[`ViewTermsHistory component ViewTermsHistory snapshot test 1`] = `
<View
  style={
    Object {
      "alignItems": "center",
      "position": "absolute",
      "top": 70,
      "width": 750,
      "zIndex": 6,
    }
  }
>
  <View
    accessible={true}
    focusable={true}
    hitSlop={
      Object {
        "bottom": 5,
        "left": 5,
        "right": 5,
        "top": 5,
      }
    }
    onClick={[Function]}
    onResponderGrant={[Function]}
    onResponderMove={[Function]}
    onResponderRelease={[Function]}
    onResponderTerminate={[Function]}
    onResponderTerminationRequest={[Function]}
    onStartShouldSetResponder={[Function]}
    style={
      Object {
        "backgroundColor": "#F0F0F0",
        "height": 40,
        "justifyContent": "center",
        "opacity": 1,
        "paddingLeft": 10,
        "width": "90%",
        "zIndex": 9999,
      }
    }
  >
    <Text
      style={
        Object {
          "color": "#000000",
          "fontSize": 30,
        }
      }
    >
      test
    </Text>
  </View>
</View>
`;
